// Jest Snapshot v1, https://goo.gl/fbAQLP

exports[`HelloWorld component renders the UI as expected 1`] = `
<div
  className="helloWorld"
>
  <button
    className="world"
    onClick={[Function]}
  >
    World
  </button>
  <button
    className="friend"
    onClick={[Function]}
  >
    Friend
  </button>
  <button
    className="react"
    onClick={[Function]}
  >
    React
  </button>
  <p>
    Hello, 
    world
    !
  </p>
</div>
`;
